// Jest Snapshot v1, https://goo.gl/fbAQLP

exports[`MeetingItem component should render without issues 1`] = `
<div
  className="rce-container-mtitem"
  onClick={null}
>
  <audio
    autoPlay={true}
    loop={true}
    muted={true}
    src={null}
  />
  <div
    className="rce-mtitem"
  >
    <div
      className="rce-mtitem-top"
    >
      <div
        className="rce-mtitem-subject"
      />
      <div
        className="rce-mtitem-share"
        onClick={[Function]}
      >
        <MdLink />
      </div>
    </div>
    <div
      className="rce-mtitem-body"
    >
      <div
        className="rce-mtitem-body--avatars"
      />
      <div
        className="rce-mtitem-body--functions"
      >
        <div
          className="rce-mtitem-button"
          onClick={[Function]}
        >
          <MdVideoCall />
        </div>
      </div>
    </div>
    <div
      className="rce-mtitem-footer"
    >
      <span
        className="rce-mtitem-date"
      >
        just now
      </span>
    </div>
  </div>
</div>
`;
