// Jest Snapshot v1, https://goo.gl/fbAQLP

exports[`ReplyMessage component should render without issues 1`] = `
<div
  className="rce-mbox-reply"
  style={Object {}}
>
  <div
    className="rce-mbox-reply-left"
  >
    <div
      className="rce-mbox-reply-owner"
      style={Object {}}
    >
      Unknown
    </div>
    <div
      className="rce-mbox-reply-message"
    >
      ...
    </div>
  </div>
</div>
`;
